#-----------------------------------------------------------
# Vivado v2025.1 (64-bit)
# SW Build 6140274 on Thu May 22 00:12:29 MDT 2025
# IP Build 6138677 on Thu May 22 03:10:11 MDT 2025
# SharedData Build 6139179 on Tue May 20 17:58:58 MDT 2025
# Start of session at: Fri Nov 14 14:18:31 2025
# Process ID         : 10708
# Current directory  : D:/Labs/DCLabs/code/Full_Adder
# Command line       : vivado.exe -gui_launcher_event rodinguilauncherevent5748 D:\Labs\DCLabs\code\Full_Adder\Full_Adder.xpr
# Log file           : D:/Labs/DCLabs/code/Full_Adder/vivado.log
# Journal file       : D:/Labs/DCLabs/code/Full_Adder\vivado.jou
# Running On         : DESKTOP-800PLQ8
# Platform           : Windows Server 2016 or Windows 10
# Operating System   : 26100
# Processor Detail   : AMD Ryzen 7 8845H w/ Radeon 780M Graphics
# CPU Frequency      : 3793 MHz
# CPU Physical cores : 8
# CPU Logical cores  : 16
# Host memory        : 25012 MB
# Swap memory        : 4563 MB
# Total Virtual      : 29575 MB
# Available Virtual  : 12512 MB
#-----------------------------------------------------------
start_gui
open_project D:/Labs/DCLabs/code/Full_Adder/Full_Adder.xpr
update_compile_order -fileset sources_1

open_hw_manager
connect_hw_server -allow_non_jtag
open_hw_target
set_property PROGRAM.FILE {D:/Labs/DCLabs/code/Full_Adder/Full_Adder.runs/impl_1/FA_SC.bit} [get_hw_devices xc7a100t_0]
current_hw_device [get_hw_devices xc7a100t_0]
refresh_hw_device -update_hw_probes false [lindex [get_hw_devices xc7a100t_0] 0]
set_property PROBES.FILE {} [get_hw_devices xc7a100t_0]
set_property FULL_PROBES.FILE {} [get_hw_devices xc7a100t_0]
set_property PROGRAM.FILE {D:/Labs/DCLabs/code/Full_Adder/Full_Adder.runs/impl_1/FA_SC.bit} [get_hw_devices xc7a100t_0]
program_hw_devices [get_hw_devices xc7a100t_0]
refresh_hw_device [lindex [get_hw_devices xc7a100t_0] 0]
