#-----------------------------------------------------------
# Vivado v2025.1 (64-bit)
# SW Build 6140274 on Thu May 22 00:12:29 MDT 2025
# IP Build 6138677 on Thu May 22 03:10:11 MDT 2025
# SharedData Build 6139179 on Tue May 20 17:58:58 MDT 2025
# Start of session at: Fri Nov 14 15:34:26 2025
# Process ID         : 14648
# Current directory  : D:/Labs/DCLabs/code/lab02 Full_Adder/Full_Adder.runs/impl_1
# Command line       : vivado.exe -log AddSub.vdi -applog -product Vivado -messageDb vivado.pb -mode batch -source AddSub.tcl -notrace
# Log file           : D:/Labs/DCLabs/code/lab02 Full_Adder/Full_Adder.runs/impl_1/AddSub.vdi
# Journal file       : D:/Labs/DCLabs/code/lab02 Full_Adder/Full_Adder.runs/impl_1\vivado.jou
# Running On         : DESKTOP-800PLQ8
# Platform           : Windows Server 2016 or Windows 10
# Operating System   : 26100
# Processor Detail   : AMD Ryzen 7 8845H w/ Radeon 780M Graphics
# CPU Frequency      : 3793 MHz
# CPU Physical cores : 8
# CPU Logical cores  : 16
# Host memory        : 25012 MB
# Swap memory        : 4563 MB
# Total Virtual      : 29575 MB
# Available Virtual  : 13724 MB
#-----------------------------------------------------------
source AddSub.tcl -notrace
