#-----------------------------------------------------------
# Vivado v2025.1 (64-bit)
# SW Build 6140274 on Thu May 22 00:12:29 MDT 2025
# IP Build 6138677 on Thu May 22 03:10:11 MDT 2025
# SharedData Build 6139179 on Tue May 20 17:58:58 MDT 2025
# Start of session at: Fri Nov  7 15:30:31 2025
# Process ID         : 23708
# Current directory  : D:/DCLabs/code/Vote5/Vote5.runs/synth_1
# Command line       : vivado.exe -log Vote_5.vds -product Vivado -mode batch -messageDb vivado.pb -notrace -source Vote_5.tcl
# Log file           : D:/DCLabs/code/Vote5/Vote5.runs/synth_1/Vote_5.vds
# Journal file       : D:/DCLabs/code/Vote5/Vote5.runs/synth_1\vivado.jou
# Running On         : DESKTOP-800PLQ8
# Platform           : Windows Server 2016 or Windows 10
# Operating System   : 26100
# Processor Detail   : AMD Ryzen 7 8845H w/ Radeon 780M Graphics
# CPU Frequency      : 3793 MHz
# CPU Physical cores : 8
# CPU Logical cores  : 16
# Host memory        : 25012 MB
# Swap memory        : 5100 MB
# Total Virtual      : 30112 MB
# Available Virtual  : 12692 MB
#-----------------------------------------------------------
source Vote_5.tcl -notrace
